.github/actions/setup-android-jvm/action.yml:19:      uses: actions/setup-java@de7274f081f381c8f8158605e0321c36c376e2e6 # v6
.github/actions/setup-android-jvm/action.yml:62:      uses: gradle/actions/setup-gradle@9c971963bec38e04b3d30dcc455b5382be2fdbfb # v6
.github/actions/setup-elixir-cache/action.yml:64:      uses: erlef/setup-beam@fc68ffb90438ef2936bbb3251622353b3dcb2f93 # v1
.github/actions/setup-elixir-cache/action.yml:91:      uses: actions/cache@55cc8345863c7cc4c66a329aec7e433d2d1c52a9 # v6.1.0
.github/actions/setup-elixir-cache/action.yml:99:      uses: actions/cache@55cc8345863c7cc4c66a329aec7e433d2d1c52a9 # v6.1.0
.github/actions/setup-elixir-cache/action.yml:137:      uses: actions/cache@55cc8345863c7cc4c66a329aec7e433d2d1c52a9 # v6.1.0
.github/workflows/clean-room-proof-rehearsal.yml:55:      - uses: actions/checkout@9c091bb21b7c1c1d1991bb908d89e4e9dddfe3e0 # v7.0.0
.github/workflows/clean-room-proof-rehearsal.yml:57:      - uses: erlef/setup-beam@fc68ffb90438ef2936bbb3251622353b3dcb2f93 # v1.24.0
.github/workflows/crosswake-ci.yml:30:        uses: actions/checkout@9c091bb21b7c1c1d1991bb908d89e4e9dddfe3e0 # v6.0.2
.github/workflows/crosswake-ci.yml:116:      - uses: actions/checkout@9c091bb21b7c1c1d1991bb908d89e4e9dddfe3e0 # v6.0.2
.github/workflows/crosswake-ci.yml:117:      - uses: ./.github/actions/setup-elixir-cache
.github/workflows/crosswake-ci.yml:145:      - uses: actions/checkout@9c091bb21b7c1c1d1991bb908d89e4e9dddfe3e0 # v6.0.2
.github/workflows/crosswake-ci.yml:146:      - uses: ./.github/actions/setup-elixir-cache
.github/workflows/crosswake-ci.yml:183:        uses: actions/checkout@9c091bb21b7c1c1d1991bb908d89e4e9dddfe3e0 # v6.0.2
.github/workflows/crosswake-ci.yml:187:      - uses: ./.github/actions/setup-elixir-cache
.github/workflows/crosswake-ci.yml:278:        uses: actions/upload-artifact@043fb46d1a93c77aae656e7c1c64a875d1fc6a0a # v7.0.1
.github/workflows/crosswake-ci.yml:304:      - uses: actions/checkout@9c091bb21b7c1c1d1991bb908d89e4e9dddfe3e0 # v6.0.2
.github/workflows/crosswake-ci.yml:305:      - uses: actions/setup-node@820762786026740c76f36085b0efc47a31fe5020 # v7.0.0
.github/workflows/crosswake-ci.yml:360:      - uses: actions/checkout@9c091bb21b7c1c1d1991bb908d89e4e9dddfe3e0 # v6.0.2
.github/workflows/crosswake-ci.yml:361:      - uses: actions/setup-node@820762786026740c76f36085b0efc47a31fe5020 # v7.0.0
.github/workflows/crosswake-ci.yml:386:      - uses: actions/checkout@3d3c42e5aac5ba805825da76410c181273ba90b1 # v7
.github/workflows/crosswake-ci.yml:387:      - uses: ./.github/actions/setup-elixir-cache
.github/workflows/crosswake-ci.yml:409:      - uses: actions/checkout@3d3c42e5aac5ba805825da76410c181273ba90b1 # v7
.github/workflows/crosswake-ci.yml:410:      - uses: ./.github/actions/setup-elixir-cache
.github/workflows/crosswake-ci.yml:443:      - uses: actions/checkout@3d3c42e5aac5ba805825da76410c181273ba90b1 # v7
.github/workflows/crosswake-ci.yml:462:      - uses: actions/checkout@3d3c42e5aac5ba805825da76410c181273ba90b1 # v7
.github/workflows/crosswake-ci.yml:486:      - uses: actions/checkout@3d3c42e5aac5ba805825da76410c181273ba90b1 # v7
.github/workflows/crosswake-ci.yml:487:      - uses: ./.github/actions/setup-elixir-cache
.github/workflows/crosswake-ci.yml:490:      - uses: actions/setup-node@820762786026740c76f36085b0efc47a31fe5020 # v7
.github/workflows/crosswake-ci.yml:514:      - uses: actions/checkout@3d3c42e5aac5ba805825da76410c181273ba90b1 # v7
.github/workflows/crosswake-ci.yml:515:      - uses: ./.github/actions/setup-elixir-cache
.github/workflows/crosswake-ci.yml:533:      - uses: actions/checkout@3d3c42e5aac5ba805825da76410c181273ba90b1 # v7
.github/workflows/crosswake-ci.yml:534:      - uses: erlef/setup-beam@fc68ffb90438ef2936bbb3251622353b3dcb2f93 # v1.24.0
.github/workflows/crosswake-ci.yml:539:      - uses: actions/setup-node@820762786026740c76f36085b0efc47a31fe5020 # v7
.github/workflows/crosswake-ci.yml:573:      - uses: actions/checkout@3d3c42e5aac5ba805825da76410c181273ba90b1 # v7
.github/workflows/crosswake-ci.yml:574:      - uses: erlef/setup-beam@fc68ffb90438ef2936bbb3251622353b3dcb2f93 # v1.24.0
.github/workflows/crosswake-ci.yml:578:      - uses: actions/setup-node@820762786026740c76f36085b0efc47a31fe5020 # v7
.github/workflows/crosswake-ci.yml:618:      - uses: actions/checkout@3d3c42e5aac5ba805825da76410c181273ba90b1 # v7
.github/workflows/crosswake-ci.yml:619:      - uses: ./.github/actions/setup-elixir-cache
.github/workflows/crosswake-ci.yml:622:      - uses: actions/setup-node@820762786026740c76f36085b0efc47a31fe5020 # v7
.github/workflows/crosswake-ci.yml:640:      - uses: actions/checkout@3d3c42e5aac5ba805825da76410c181273ba90b1 # v7
.github/workflows/crosswake-ci.yml:641:      - uses: ./.github/actions/setup-elixir-cache
.github/workflows/crosswake-ci.yml:666:      - uses: actions/checkout@3d3c42e5aac5ba805825da76410c181273ba90b1 # v7
.github/workflows/crosswake-ci.yml:667:      - uses: ./.github/actions/setup-elixir-cache
.github/workflows/crosswake-ci.yml:690:      - uses: actions/checkout@3d3c42e5aac5ba805825da76410c181273ba90b1 # v7
.github/workflows/crosswake-ci.yml:691:      - uses: ./.github/actions/setup-elixir-cache
.github/workflows/crosswake-ci.yml:716:      - uses: actions/checkout@3d3c42e5aac5ba805825da76410c181273ba90b1 # v7
.github/workflows/crosswake-ci.yml:717:      - uses: ./.github/actions/setup-elixir-cache
.github/workflows/crosswake-ci.yml:740:      - uses: actions/checkout@3d3c42e5aac5ba805825da76410c181273ba90b1 # v7
.github/workflows/crosswake-ci.yml:741:      - uses: ./.github/actions/setup-elixir-cache
.github/workflows/crosswake-ci.yml:764:      - uses: actions/checkout@3d3c42e5aac5ba805825da76410c181273ba90b1 # v7
.github/workflows/crosswake-ci.yml:765:      - uses: ./.github/actions/setup-elixir-cache
.github/workflows/crosswake-ci.yml:768:      - uses: actions/setup-node@820762786026740c76f36085b0efc47a31fe5020 # v7
.github/workflows/crosswake-ci.yml:793:      - uses: actions/checkout@3d3c42e5aac5ba805825da76410c181273ba90b1 # v7
.github/workflows/crosswake-ci.yml:794:      - uses: ./.github/actions/setup-elixir-cache
.github/workflows/crosswake-ci.yml:814:      - uses: actions/checkout@3d3c42e5aac5ba805825da76410c181273ba90b1 # v7
.github/workflows/crosswake-ci.yml:815:      - uses: ./.github/actions/setup-elixir-cache
.github/workflows/crosswake-ci.yml:835:      - uses: actions/checkout@9c091bb21b7c1c1d1991bb908d89e4e9dddfe3e0 # v6
.github/workflows/crosswake-ci.yml:836:      - uses: ./.github/actions/setup-elixir-cache
.github/workflows/crosswake-ci.yml:856:      - uses: actions/checkout@9c091bb21b7c1c1d1991bb908d89e4e9dddfe3e0 # v6
.github/workflows/crosswake-ci.yml:857:      - uses: ./.github/actions/setup-elixir-cache
.github/workflows/crosswake-ci.yml:877:      - uses: actions/checkout@9c091bb21b7c1c1d1991bb908d89e4e9dddfe3e0 # v6
.github/workflows/crosswake-ci.yml:878:      - uses: ./.github/actions/setup-elixir-cache
.github/workflows/crosswake-ci.yml:927:      - uses: actions/checkout@3d3c42e5aac5ba805825da76410c181273ba90b1 # v7
.github/workflows/crosswake-ci.yml:928:      - uses: ./.github/actions/setup-elixir-cache
.github/workflows/crosswake-ci.yml:950:      - uses: actions/checkout@9c091bb21b7c1c1d1991bb908d89e4e9dddfe3e0 # v6
.github/workflows/crosswake-ci.yml:951:      - uses: ./.github/actions/setup-elixir-cache
.github/workflows/crosswake-ci.yml:971:      - uses: actions/checkout@9c091bb21b7c1c1d1991bb908d89e4e9dddfe3e0 # v6
.github/workflows/crosswake-ci.yml:972:      - uses: ./.github/actions/setup-elixir-cache
.github/workflows/crosswake-ci.yml:996:      - uses: actions/checkout@9c091bb21b7c1c1d1991bb908d89e4e9dddfe3e0 # v6
.github/workflows/crosswake-ci.yml:997:      - uses: ./.github/actions/setup-elixir-cache
.github/workflows/crosswake-ci.yml:1021:      - uses: actions/checkout@9c091bb21b7c1c1d1991bb908d89e4e9dddfe3e0 # v6
.github/workflows/crosswake-ci.yml:1022:      - uses: ./.github/actions/setup-elixir-cache
.github/workflows/crosswake-ci.yml:1042:      - uses: actions/checkout@9c091bb21b7c1c1d1991bb908d89e4e9dddfe3e0 # v6
.github/workflows/crosswake-ci.yml:1043:      - uses: ./.github/actions/setup-elixir-cache
.github/workflows/crosswake-ci.yml:1063:      - uses: actions/checkout@3d3c42e5aac5ba805825da76410c181273ba90b1 # v7
.github/workflows/crosswake-ci.yml:1064:      - uses: ./.github/actions/setup-android-jvm
.github/workflows/crosswake-ci.yml:1067:      - uses: actions/setup-node@820762786026740c76f36085b0efc47a31fe5020 # v7
.github/workflows/crosswake-ci.yml:1088:      - uses: actions/checkout@3d3c42e5aac5ba805825da76410c181273ba90b1 # v7
.github/workflows/crosswake-ci.yml:1089:      - uses: erlef/setup-beam@fc68ffb90438ef2936bbb3251622353b3dcb2f93 # v1
.github/workflows/crosswake-ci.yml:1093:      - uses: ./.github/actions/setup-android-jvm
.github/workflows/crosswake-ci.yml:1116:      - uses: actions/checkout@3d3c42e5aac5ba805825da76410c181273ba90b1 # v7
.github/workflows/crosswake-ci.yml:1117:      - uses: actions/setup-node@820762786026740c76f36085b0efc47a31fe5020 # v7
.github/workflows/crosswake-ci.yml:1132:      - uses: actions/cache@55cc8345863c7cc4c66a329aec7e433d2d1c52a9 # v6
.github/workflows/crosswake-ci.yml:1151:      - uses: actions/checkout@3d3c42e5aac5ba805825da76410c181273ba90b1 # v7
.github/workflows/crosswake-ci.yml:1152:      - uses: erlef/setup-beam@54075bcc5e249e4758d363f27d099f55d843f124 # v1
.github/workflows/crosswake-ci.yml:1156:      - uses: actions/setup-java@de7274f081f381c8f8158605e0321c36c376e2e6 # v6
.github/workflows/crosswake-ci.yml:1178:      - uses: actions/checkout@3d3c42e5aac5ba805825da76410c181273ba90b1 # v7
.github/workflows/crosswake-ci.yml:1179:      - uses: erlef/setup-beam@54075bcc5e249e4758d363f27d099f55d843f124 # v1
.github/workflows/crosswake-ci.yml:1183:      - uses: ./.github/actions/setup-android-jvm
.github/workflows/crosswake-ci.yml:1211:      - uses: actions/checkout@3d3c42e5aac5ba805825da76410c181273ba90b1 # v7
.github/workflows/crosswake-ci.yml:1231:      - uses: actions/checkout@3d3c42e5aac5ba805825da76410c181273ba90b1 # v7
.github/workflows/crosswake-ci.yml:1232:      - uses: erlef/setup-beam@54075bcc5e249e4758d363f27d099f55d843f124 # v1
.github/workflows/crosswake-ci.yml:1236:      - uses: ./.github/actions/setup-android-jvm
.github/workflows/crosswake-ci.yml:1260:      - uses: actions/checkout@3d3c42e5aac5ba805825da76410c181273ba90b1 # v7
.github/workflows/crosswake-ci.yml:1261:      - uses: erlef/setup-beam@54075bcc5e249e4758d363f27d099f55d843f124 # v1
.github/workflows/crosswake-ci.yml:1287:      - uses: actions/checkout@3d3c42e5aac5ba805825da76410c181273ba90b1 # v7
.github/workflows/crosswake-ci.yml:1290:      - uses: actions/setup-node@820762786026740c76f36085b0efc47a31fe5020 # v7
.github/workflows/crosswake-ci.yml:1314:      - uses: actions/checkout@3d3c42e5aac5ba805825da76410c181273ba90b1 # v7
.github/workflows/crosswake-ci.yml:1315:      - uses: erlef/setup-beam@fc68ffb90438ef2936bbb3251622353b3dcb2f93 # v1.24.0
.github/workflows/crosswake-ci.yml:1346:      - uses: actions/checkout@3d3c42e5aac5ba805825da76410c181273ba90b1 # v7
.github/workflows/crosswake-ci.yml:1347:      - uses: ./.github/actions/setup-elixir-cache
.github/workflows/crosswake-ci.yml:1351:      - uses: actions/setup-node@820762786026740c76f36085b0efc47a31fe5020 # v7
.github/workflows/crosswake-ci.yml:1373:        uses: actions/upload-artifact@043fb46d1a93c77aae656e7c1c64a875d1fc6a0a # v7.0.1
.github/workflows/crosswake-ci.yml:1396:      - uses: actions/checkout@3d3c42e5aac5ba805825da76410c181273ba90b1 # v7
.github/workflows/crosswake-ci.yml:1397:      - uses: ./.github/actions/setup-elixir-cache
.github/workflows/crosswake-ci.yml:1401:      - uses: actions/setup-node@820762786026740c76f36085b0efc47a31fe5020 # v7
.github/workflows/crosswake-ci.yml:1482:        uses: actions/upload-artifact@043fb46d1a93c77aae656e7c1c64a875d1fc6a0a # v7.0.1
.github/workflows/crosswake-ci.yml:1505:      - uses: actions/checkout@3d3c42e5aac5ba805825da76410c181273ba90b1 # v7
.github/workflows/crosswake-ci.yml:1506:      - uses: ./.github/actions/setup-android-jvm
.github/workflows/crosswake-ci.yml:1525:      - uses: actions/checkout@9c091bb21b7c1c1d1991bb908d89e4e9dddfe3e0 # v6.0.2
.github/workflows/crosswake-ci.yml:1544:      - uses: actions/checkout@3d3c42e5aac5ba805825da76410c181273ba90b1 # v7
.github/workflows/crosswake-ci.yml:1545:      - uses: erlef/setup-beam@54075bcc5e249e4758d363f27d099f55d843f124 # v1
.github/workflows/crosswake-ci.yml:1549:      - uses: actions/setup-java@de7274f081f381c8f8158605e0321c36c376e2e6 # v6
.github/workflows/crosswake-ci.yml:1574:      - uses: actions/checkout@9c091bb21b7c1c1d1991bb908d89e4e9dddfe3e0 # v6
.github/workflows/crosswake-ci.yml:1575:      - uses: erlef/setup-beam@fc68ffb90438ef2936bbb3251622353b3dcb2f93 # v1
.github/workflows/exact-public-proof.yml:4:# `uses: ./.github/workflows/exact-public-proof.yml` path:
.github/workflows/exact-public-proof.yml:95:      # Tier 1 of the two-tier pattern approved-release-guard already uses: the
.github/workflows/exact-public-proof.yml:166:      - uses: actions/checkout@9c091bb21b7c1c1d1991bb908d89e4e9dddfe3e0 # v7.0.0
.github/workflows/exact-public-proof.yml:225:      - uses: erlef/setup-beam@fc68ffb90438ef2936bbb3251622353b3dcb2f93 # v1.24.0
.github/workflows/exact-public-proof.yml:251:        uses: actions/upload-artifact@043fb46d1a93c77aae656e7c1c64a875d1fc6a0a # v7.0.1
.github/workflows/exact-public-proof.yml:282:      - uses: actions/checkout@9c091bb21b7c1c1d1991bb908d89e4e9dddfe3e0 # v7.0.0
.github/workflows/hex-publish.yml:119:      - uses: actions/checkout@9c091bb21b7c1c1d1991bb908d89e4e9dddfe3e0 # v7.0.0
.github/workflows/hex-publish.yml:125:      - uses: erlef/setup-beam@fc68ffb90438ef2936bbb3251622353b3dcb2f93 # v1.24.0
.github/workflows/hex-publish.yml:155:        uses: actions/upload-artifact@043fb46d1a93c77aae656e7c1c64a875d1fc6a0a # v7.0.1
.github/workflows/hex-publish.yml:247:      - uses: actions/checkout@9c091bb21b7c1c1d1991bb908d89e4e9dddfe3e0 # v7.0.0
.github/workflows/hex-publish.yml:261:      - uses: erlef/setup-beam@fc68ffb90438ef2936bbb3251622353b3dcb2f93 # v1.24.0
.github/workflows/hex-publish.yml:267:        uses: actions/cache@55cc8345863c7cc4c66a329aec7e433d2d1c52a9 # v6.1.0
.github/workflows/hex-publish.yml:322:        uses: actions/upload-artifact@043fb46d1a93c77aae656e7c1c64a875d1fc6a0a # v7.0.1
.github/workflows/hex-publish.yml:330:  # reaches, through a character-identical `uses:` path. A second copy of the
.github/workflows/hex-publish.yml:360:    uses: ./.github/workflows/exact-public-proof.yml
.github/workflows/hex-publish.yml:411:    uses: ./.github/workflows/exact-public-proof.yml
.github/workflows/hex-publish.yml:455:        uses: actions/checkout@9c091bb21b7c1c1d1991bb908d89e4e9dddfe3e0 # v7.0.0
.github/workflows/hex-publish.yml:462:        uses: actions/checkout@9c091bb21b7c1c1d1991bb908d89e4e9dddfe3e0 # v7.0.0
.github/workflows/hex-publish.yml:469:      - uses: actions/setup-java@de7274f081f381c8f8158605e0321c36c376e2e6 # v6
.github/workflows/ios-mirror-backfill.yml:77:      - uses: actions/checkout@9c091bb21b7c1c1d1991bb908d89e4e9dddfe3e0 # v7.0.0
.github/workflows/ios-mirror-backfill.yml:81:      - uses: ./.github/actions/setup-elixir-cache
.github/workflows/ios-mirror-backfill.yml:115:      - uses: actions/checkout@9c091bb21b7c1c1d1991bb908d89e4e9dddfe3e0 # v7.0.0
.github/workflows/ios-mirror-backfill.yml:121:      - uses: ./.github/actions/setup-elixir-cache
.github/workflows/ios-mirror-backfill.yml:125:      - uses: webfactory/ssh-agent@e83874834305fe9a4a2997156cb26c5de65a8555 # v0.10.0
.github/workflows/ios-mirror-backfill.yml:157:        uses: actions/upload-artifact@043fb46d1a93c77aae656e7c1c64a875d1fc6a0a # v7.0.1
.github/workflows/ios-mirror-backfill.yml:193:      - uses: actions/checkout@9c091bb21b7c1c1d1991bb908d89e4e9dddfe3e0 # v7.0.0
.github/workflows/ios-mirror-backfill.yml:199:      - uses: ./.github/actions/setup-elixir-cache
.github/workflows/ios-mirror-backfill.yml:302:        uses: actions/upload-artifact@043fb46d1a93c77aae656e7c1c64a875d1fc6a0a # v7.0.1
.github/workflows/ios-mirror-backfill.yml:348:      - uses: actions/checkout@9c091bb21b7c1c1d1991bb908d89e4e9dddfe3e0 # v7.0.0
.github/workflows/ios-mirror-backfill.yml:354:      - uses: ./.github/actions/setup-elixir-cache
.github/workflows/ios-mirror-backfill.yml:376:      - uses: webfactory/ssh-agent@e83874834305fe9a4a2997156cb26c5de65a8555 # v0.10.0
.github/workflows/ios-mirror-backfill.yml:444:      - uses: actions/checkout@9c091bb21b7c1c1d1991bb908d89e4e9dddfe3e0 # v7.0.0
.github/workflows/ios-mirror-backfill.yml:449:      - uses: ./.github/actions/setup-elixir-cache
.github/workflows/ios-mirror-backfill.yml:452:      - uses: webfactory/ssh-agent@e83874834305fe9a4a2997156cb26c5de65a8555 # v0.10.0
.github/workflows/native-collateral-advisory.yml:15:      - uses: actions/checkout@3d3c42e5aac5ba805825da76410c181273ba90b1 # v7
.github/workflows/native-collateral-advisory.yml:16:      - uses: actions/setup-node@820762786026740c76f36085b0efc47a31fe5020 # v7
.github/workflows/native-collateral-advisory.yml:19:      - uses: erlef/setup-beam@fc68ffb90438ef2936bbb3251622353b3dcb2f93 # v1.24.0
.github/workflows/native-collateral-advisory.yml:35:        uses: actions/upload-artifact@043fb46d1a93c77aae656e7c1c64a875d1fc6a0a # v7.0.1
.github/workflows/native-collateral-advisory.yml:58:      - uses: actions/checkout@3d3c42e5aac5ba805825da76410c181273ba90b1 # v7
.github/workflows/native-collateral-advisory.yml:59:      - uses: actions/setup-node@820762786026740c76f36085b0efc47a31fe5020 # v7
.github/workflows/native-collateral-advisory.yml:62:      - uses: erlef/setup-beam@fc68ffb90438ef2936bbb3251622353b3dcb2f93 # v1.24.0
.github/workflows/native-collateral-advisory.yml:78:        uses: actions/upload-artifact@043fb46d1a93c77aae656e7c1c64a875d1fc6a0a # v7.0.1
.github/workflows/phase130-proof.yml:66:        uses: actions/checkout@3d3c42e5aac5ba805825da76410c181273ba90b1 # v7
.github/workflows/phase130-proof.yml:69:        uses: erlef/setup-beam@54075bcc5e249e4758d363f27d099f55d843f124 # v1
.github/workflows/phase132-proof.yml:62:        uses: actions/checkout@3d3c42e5aac5ba805825da76410c181273ba90b1 # v7
.github/workflows/phase132-proof.yml:65:        uses: erlef/setup-beam@54075bcc5e249e4758d363f27d099f55d843f124 # v1
.github/workflows/phase23-proof.yml:22:      - uses: actions/checkout@3d3c42e5aac5ba805825da76410c181273ba90b1 # v7
.github/workflows/phase23-proof.yml:23:      - uses: ./.github/actions/setup-elixir-cache
.github/workflows/phase34-proof.yml:22:      - uses: actions/checkout@3d3c42e5aac5ba805825da76410c181273ba90b1 # v7
.github/workflows/phase34-proof.yml:23:      - uses: ./.github/actions/setup-elixir-cache
.github/workflows/phase43-proof.yml:21:        uses: actions/checkout@3d3c42e5aac5ba805825da76410c181273ba90b1 # v7
.github/workflows/phase43-proof.yml:23:        uses: erlef/setup-beam@54075bcc5e249e4758d363f27d099f55d843f124 # v1
.github/workflows/phase45-proof.yml:21:        uses: actions/checkout@3d3c42e5aac5ba805825da76410c181273ba90b1 # v7
.github/workflows/phase45-proof.yml:23:        uses: erlef/setup-beam@54075bcc5e249e4758d363f27d099f55d843f124 # v1
.github/workflows/phase48-proof.yml:24:        uses: actions/checkout@9c091bb21b7c1c1d1991bb908d89e4e9dddfe3e0 # v6
.github/workflows/phase48-proof.yml:26:        uses: ./.github/actions/setup-elixir-cache
.github/workflows/phase52-proof.yml:24:        uses: actions/checkout@9c091bb21b7c1c1d1991bb908d89e4e9dddfe3e0 # v6
.github/workflows/phase52-proof.yml:26:        uses: ./.github/actions/setup-elixir-cache
.github/workflows/phase58-proof.yml:24:        uses: actions/checkout@9c091bb21b7c1c1d1991bb908d89e4e9dddfe3e0 # v6
.github/workflows/phase68-proof.yml:22:        uses: actions/checkout@3d3c42e5aac5ba805825da76410c181273ba90b1 # v7
.github/workflows/phase68-proof.yml:33:        uses: erlef/setup-beam@54075bcc5e249e4758d363f27d099f55d843f124 # v1
.github/workflows/phase68-proof.yml:39:        uses: actions/setup-java@de7274f081f381c8f8158605e0321c36c376e2e6 # v6
.github/workflows/phase68-proof.yml:52:        uses: ReactiveCircus/android-emulator-runner@a421e43855164a8197daf9d8d40fe71c6996bb0d # v2
.github/workflows/phase70-proof.yml:24:        uses: actions/checkout@9c091bb21b7c1c1d1991bb908d89e4e9dddfe3e0 # v6
.github/workflows/phase70-proof.yml:26:        uses: ./.github/actions/setup-elixir-cache
.github/workflows/phase71-proof.yml:36:        uses: actions/checkout@9c091bb21b7c1c1d1991bb908d89e4e9dddfe3e0 # v6
.github/workflows/phase73-proof.yml:36:        uses: actions/checkout@9c091bb21b7c1c1d1991bb908d89e4e9dddfe3e0 # v6
.github/workflows/phase74-proof.yml:35:        uses: actions/checkout@9c091bb21b7c1c1d1991bb908d89e4e9dddfe3e0 # v6
.github/workflows/phase74-proof.yml:38:        uses: erlef/setup-beam@fc68ffb90438ef2936bbb3251622353b3dcb2f93 # v1
.github/workflows/phase96-proof-advisory.yml:48:        uses: actions/checkout@9c091bb21b7c1c1d1991bb908d89e4e9dddfe3e0 # v6
.github/workflows/phase96-proof-advisory.yml:51:        uses: erlef/setup-beam@fc68ffb90438ef2936bbb3251622353b3dcb2f93 # v1
.github/workflows/release-please.yml:48:      - uses: actions/checkout@9c091bb21b7c1c1d1991bb908d89e4e9dddfe3e0 # v7.0.0
.github/workflows/release-please.yml:211:      - uses: actions/checkout@9c091bb21b7c1c1d1991bb908d89e4e9dddfe3e0 # v7.0.0
.github/workflows/release-please.yml:217:        uses: googleapis/release-please-action@45996ed1f6d02564a971a2fa1b5860e934307cf7 # v4.1.3
.github/workflows/release-please.yml:234:      - uses: actions/checkout@9c091bb21b7c1c1d1991bb908d89e4e9dddfe3e0 # v7.0.0
.github/workflows/release-please.yml:240:      - uses: erlef/setup-beam@fc68ffb90438ef2936bbb3251622353b3dcb2f93 # v1.24.0
.github/workflows/release-please.yml:246:        uses: actions/cache@55cc8345863c7cc4c66a329aec7e433d2d1c52a9 # v6.1.0
.github/workflows/release-please.yml:294:        uses: actions/upload-artifact@043fb46d1a93c77aae656e7c1c64a875d1fc6a0a # v7.0.1
.github/workflows/release-please.yml:319:      - uses: actions/checkout@9c091bb21b7c1c1d1991bb908d89e4e9dddfe3e0 # v7.0.0
.github/workflows/release-please.yml:325:      - uses: erlef/setup-beam@fc68ffb90438ef2936bbb3251622353b3dcb2f93 # v1.24.0
.github/workflows/release-please.yml:331:        uses: actions/cache@55cc8345863c7cc4c66a329aec7e433d2d1c52a9 # v6.1.0
.github/workflows/release-please.yml:370:      - uses: actions/checkout@9c091bb21b7c1c1d1991bb908d89e4e9dddfe3e0 # v7.0.0
.github/workflows/release-please.yml:376:      - uses: erlef/setup-beam@fc68ffb90438ef2936bbb3251622353b3dcb2f93 # v1.24.0
.github/workflows/release-please.yml:382:        uses: actions/cache@55cc8345863c7cc4c66a329aec7e433d2d1c52a9 # v6.1.0
.github/workflows/release-please.yml:421:      - uses: actions/checkout@9c091bb21b7c1c1d1991bb908d89e4e9dddfe3e0 # v7.0.0
.github/workflows/release-please.yml:427:      - uses: erlef/setup-beam@fc68ffb90438ef2936bbb3251622353b3dcb2f93 # v1.24.0
.github/workflows/release-please.yml:433:        uses: actions/cache@55cc8345863c7cc4c66a329aec7e433d2d1c52a9 # v6.1.0
.github/workflows/release-please.yml:472:      - uses: actions/checkout@9c091bb21b7c1c1d1991bb908d89e4e9dddfe3e0 # v7.0.0
.github/workflows/release-please.yml:478:      - uses: erlef/setup-beam@fc68ffb90438ef2936bbb3251622353b3dcb2f93 # v1.24.0
.github/workflows/release-please.yml:484:        uses: actions/cache@55cc8345863c7cc4c66a329aec7e433d2d1c52a9 # v6.1.0
.github/workflows/release-please.yml:524:      - uses: actions/checkout@9c091bb21b7c1c1d1991bb908d89e4e9dddfe3e0 # v7.0.0
.github/workflows/release-please.yml:530:      - uses: erlef/setup-beam@fc68ffb90438ef2936bbb3251622353b3dcb2f93 # v1.24.0
.github/workflows/release-please.yml:536:        uses: actions/cache@55cc8345863c7cc4c66a329aec7e433d2d1c52a9 # v6.1.0
.github/workflows/release-please.yml:566:      - uses: actions/checkout@9c091bb21b7c1c1d1991bb908d89e4e9dddfe3e0 # v7.0.0
.github/workflows/release-please.yml:583:      - uses: webfactory/ssh-agent@e83874834305fe9a4a2997156cb26c5de65a8555 # v0.10.0
.github/workflows/release-please.yml:612:      - uses: actions/checkout@9c091bb21b7c1c1d1991bb908d89e4e9dddfe3e0 # v7.0.0
.github/workflows/release-please.yml:618:      - uses: actions/setup-java@de7274f081f381c8f8158605e0321c36c376e2e6 # v6
.github/workflows/release-please.yml:648:      - uses: actions/checkout@9c091bb21b7c1c1d1991bb908d89e4e9dddfe3e0 # v7.0.0
.github/workflows/release-please.yml:650:      - uses: erlef/setup-beam@fc68ffb90438ef2936bbb3251622353b3dcb2f93 # v1.24.0
.github/workflows/release-please.yml:701:      - uses: actions/checkout@9c091bb21b7c1c1d1991bb908d89e4e9dddfe3e0 # v7.0.0
.github/workflows/release-please.yml:703:      - uses: erlef/setup-beam@fc68ffb90438ef2936bbb3251622353b3dcb2f93 # v1.24.0
.github/workflows/release-please.yml:708:      - uses: actions/setup-java@de7274f081f381c8f8158605e0321c36c376e2e6 # v6
.github/workflows/release-please.yml:786:    uses: ./.github/workflows/exact-public-proof.yml
.github/workflows/release-please.yml:824:      - uses: actions/checkout@9c091bb21b7c1c1d1991bb908d89e4e9dddfe3e0 # v7.0.0
.github/workflows/release-please.yml:830:      - uses: erlef/setup-beam@fc68ffb90438ef2936bbb3251622353b3dcb2f93 # v1.24.0
.github/workflows/release-please.yml:857:        uses: actions/upload-artifact@043fb46d1a93c77aae656e7c1c64a875d1fc6a0a # v7.0.1
.github/workflows/release-please.yml:985:        uses: actions/upload-artifact@043fb46d1a93c77aae656e7c1c64a875d1fc6a0a # v7.0.1
.github/workflows/release-please.yml:1004:      - uses: actions/checkout@9c091bb21b7c1c1d1991bb908d89e4e9dddfe3e0 # v7.0.0
.github/workflows/release-please.yml:1006:      - uses: actions/setup-java@de7274f081f381c8f8158605e0321c36c376e2e6 # v6
.github/workflows/release-please.yml:1175:      - uses: actions/checkout@9c091bb21b7c1c1d1991bb908d89e4e9dddfe3e0 # v7.0.0
.github/workflows/release-please.yml:1223:      - uses: actions/checkout@9c091bb21b7c1c1d1991bb908d89e4e9dddfe3e0 # v7.0.0
.github/workflows/release-please.yml:1225:      - uses: erlef/setup-beam@fc68ffb90438ef2936bbb3251622353b3dcb2f93 # v1.24.0
.github/workflows/release-please.yml:1257:      - uses: actions/checkout@9c091bb21b7c1c1d1991bb908d89e4e9dddfe3e0 # v7.0.0
.github/workflows/release-please.yml:1259:      - uses: erlef/setup-beam@fc68ffb90438ef2936bbb3251622353b3dcb2f93 # v1.24.0
.github/workflows/release-please.yml:1296:      - uses: actions/checkout@9c091bb21b7c1c1d1991bb908d89e4e9dddfe3e0 # v7.0.0
.github/workflows/release-please.yml:1298:      - uses: erlef/setup-beam@fc68ffb90438ef2936bbb3251622353b3dcb2f93 # v1.24.0
.github/workflows/release-please.yml:1331:      - uses: actions/checkout@9c091bb21b7c1c1d1991bb908d89e4e9dddfe3e0 # v7.0.0
.github/workflows/release-please.yml:1333:      - uses: erlef/setup-beam@fc68ffb90438ef2936bbb3251622353b3dcb2f93 # v1.24.0
.github/workflows/release-please.yml:1370:      - uses: actions/checkout@9c091bb21b7c1c1d1991bb908d89e4e9dddfe3e0 # v7.0.0
.github/workflows/release-please.yml:1372:      - uses: erlef/setup-beam@fc68ffb90438ef2936bbb3251622353b3dcb2f93 # v1.24.0
.github/workflows/release-please.yml:1469:      - uses: actions/checkout@9c091bb21b7c1c1d1991bb908d89e4e9dddfe3e0 # v7.0.0
.github/workflows/required-checks-audit.yml:72:      - uses: actions/checkout@3d3c42e5aac5ba805825da76410c181273ba90b1 # v7
.github/workflows/see-it-run-collateral.yml:52:      - uses: actions/checkout@3d3c42e5aac5ba805825da76410c181273ba90b1 # v7
.github/workflows/see-it-run-collateral.yml:53:      - uses: erlef/setup-beam@fc68ffb90438ef2936bbb3251622353b3dcb2f93 # v1.24.0
.github/workflows/see-it-run-collateral.yml:57:      - uses: actions/setup-node@820762786026740c76f36085b0efc47a31fe5020 # v7
.github/workflows/see-it-run-collateral.yml:83:        uses: charmbracelet/vhs-action@f6d7db07a432fcd3b06772628d36a57f96d95dcf # v2
.github/workflows/see-it-run-collateral.yml:99:        uses: actions/upload-artifact@043fb46d1a93c77aae656e7c1c64a875d1fc6a0a # v7.0.1
.github/workflows/see-it-run-collateral.yml:120:      - uses: actions/checkout@3d3c42e5aac5ba805825da76410c181273ba90b1 # v7
.github/workflows/see-it-run-collateral.yml:121:      - uses: actions/setup-node@820762786026740c76f36085b0efc47a31fe5020 # v7
.github/workflows/see-it-run-collateral.yml:124:      - uses: erlef/setup-beam@fc68ffb90438ef2936bbb3251622353b3dcb2f93 # v1.24.0
.github/workflows/see-it-run-collateral.yml:178:        uses: actions/upload-artifact@043fb46d1a93c77aae656e7c1c64a875d1fc6a0a # v7.0.1
.github/workflows/see-it-run-collateral.yml:196:      - uses: actions/checkout@3d3c42e5aac5ba805825da76410c181273ba90b1 # v7
.github/workflows/see-it-run-collateral.yml:197:      - uses: erlef/setup-beam@fc68ffb90438ef2936bbb3251622353b3dcb2f93 # v1.24.0
.github/workflows/see-it-run-collateral.yml:202:        uses: actions/download-artifact@3e5f45b2cfb9172054b4087a40e8e0b5a5461e7c # v8
.github/workflows/see-it-run-collateral.yml:207:        uses: actions/download-artifact@3e5f45b2cfb9172054b4087a40e8e0b5a5461e7c # v8
.github/workflows/see-it-run-collateral.yml:226:        uses: peter-evans/create-pull-request@5f6978faf089d4d20b00c7766989d076bb2fc7f1 # v8
files=27 actions=252 mutable_refs=0

observed_exit_status=0
freshly_computed_expected_file_count=27
